// Jest Snapshot v1, https://goo.gl/fbAQLP

exports[`Footer Component Render [Footer] Default render 1`] = `
<footer
  className="footer"
>
  <a
    href="https://github.com/aethiss?tab=repositories"
    rel="noopener noreferrer"
    target="_blank"
  >
    Powered by aethiss@gmail.com (Git)
  </a>
</footer>
`;
